== 1/4 采集盘后数据（非交易日自动跳过）==
[OK] 指数日线更新（5 个指数）
[K线] 候选 272 只，待更新 272 只
  [重试1] KeyError: 'date'
  [重试2] KeyError: 'date'
  [K线] 进度 30/272
  [重试1] KeyError: 'date'
  [重试2] KeyError: 'date'
  [K线] 进度 60/272
  [重试1] KeyError: 'date'
  [重试2] KeyError: 'date'
  [K线] 进度 90/272
  [重试1] KeyError: 'date'
  [重试2] KeyError: 'date'
  [K线] 进度 120/272
  [重试1] KeyError: 'date'
  [重试2] KeyError: 'date'
  [K线] 进度 150/272
  [K线] 进度 180/272
  [重试1] KeyError: 'date'
  [重试2] KeyError: 'date'
  [K线] 进度 210/272
  [K线] 进度 240/272
  [K线] 进度 270/272
[OK] K线更新 266 只（新浪源）
[OK] 估值历史更新 34 行（34 只）
[OK] 财务指标更新 34 只
[OK] 公告资讯 67 条
[开始] 采集 20260923 盘后数据 ...
[OK] 涨停池 51 只
[OK] 跌停池 13 只
[OK] 炸板池 26 只
  [广度] 乐咕乐股: 涨1757 跌3366 平87 真涨停46
[OK] 广度 涨1757 跌3366 平87 涨停51 跌停14
[OK] 龙虎榜 72 条
[OK] 板块资金流（行业）90 个行业
[OK] 昨日涨停跟踪 63 只
[OK] 席位明细 68/68 只
[完成] 20260923 采集入库
STDERR:                        

  0%|          | 0/5 [00:00<?, ?it/s]
 20%|██        | 1/5 [00:00<00:00,  7.96it/s]
 40%|████      | 2/5 [00:00<00:00,  7.62it/s]
 60%|██████    | 3/5 [00:00<00:00,  6.70it/s]
 80%|████████  | 4/5 [00:00<00:00,  7.06it/s]
100%|██████████| 5/5 [00:00<00:00,  7.36it/s]
                                             

  0%|          | 0/1 [00:00<?, ?it/s]
100%|██████████| 1/1 [00:00<00:00,  2.03it/s]
                                             

  0%|          | 0/2 [00:00<?, ?it/s]
 50%|█████     | 1/2 [00:00<00:00,  8.20it/s]
100%|██████████| 2/2 [00:00<00:00,  8.80it/s]
== 2/4 生成看板 ==
[OK] 看板已生成 -> D:\WorkBuddy_Work\效率工具\ashare_board\board.html（28 个交易日: ['20260817', '20260818', '20260819', '20260820', '20260821', '20260824', '20260825', '20260826', '20260827', '20260828', '20260831', '20260901', '20260902', '20260903', '20260904', '20260907', '20260908', '20260909', '20260910', '20260911', '20260914', '20260915', '20260916', '20260917', '20260918', '20260921', '20260922', '20260923']）
== 3/4 更新部署物 public/index.html ==
== 4/4 推送 GitHub（CF 自动重新部署）==
[main d38578b] auto: 每日看板更新 2026-09-23
 6 files changed, 39 insertions(+), 3 deletions(-)
 create mode 100644 _brief_out.txt
 create mode 100644 _brief_utf8.txt
 create mode 100644 _daily_run_20260923.log
STDERR: fatal: unable to access 'https://github.com/bogankung-eng/ashare-board.git/': Failed to connect to github.com:443 after 21104 ms: Could not connect to server
!!! 推送失败
