== 1/4 采集盘后数据（非交易日自动跳过）==
[OK] 指数日线更新（5 个指数）
[K线] 候选 298 只，待更新 298 只
  [重试1] KeyError: 'date'
  [重试2] KeyError: 'date'
  [重试1] KeyError: 'date'
  [重试2] KeyError: 'date'
  [重试1] TimeoutError: stock_zh_a_daily 调用超过 20s 无响应，已放弃
  [K线] 进度 30/298
  [K线] 进度 60/298
  [重试1] KeyError: 'date'
  [重试2] KeyError: 'date'
  [K线] 进度 90/298
  [K线] 进度 120/298
  [K线] 进度 150/298
  [K线] 进度 180/298
  [K线] 进度 210/298
  [K线] 进度 240/298
  [K线] 进度 270/298
[OK] K线更新 295 只（新浪源）
[OK] 估值历史更新 34 行（34 只）
[OK] 财务指标更新 34 只
[OK] 公告资讯 69 条
[开始] 采集 20260921 盘后数据 ...
[OK] 涨停池 103 只
[OK] 跌停池 2 只
[OK] 炸板池 25 只
  [广度] 乐咕乐股: 涨4216 跌914 平79 真涨停96
[OK] 广度 涨4216 跌914 平79 涨停104 跌停3
[OK] 龙虎榜 68 条
[OK] 板块资金流（行业）90 个行业
[OK] 昨日涨停跟踪 78 只
[OK] 席位明细 60/60 只
[完成] 20260921 采集入库
STDERR:                        

  0%|          | 0/5 [00:00<?, ?it/s]
 20%|██        | 1/5 [00:00<00:00,  4.10it/s]
 40%|████      | 2/5 [00:00<00:00,  4.25it/s]
 60%|██████    | 3/5 [00:01<00:01,  1.57it/s]
 80%|████████  | 4/5 [00:01<00:00,  2.06it/s]
100%|██████████| 5/5 [00:01<00:00,  2.74it/s]
                                             

  0%|          | 0/1 [00:00<?, ?it/s]
100%|██████████| 1/1 [00:00<00:00,  3.83it/s]
                                             

  0%|          | 0/2 [00:00<?, ?it/s]
 50%|█████     | 1/2 [00:00<00:00,  8.71it/s]
100%|██████████| 2/2 [00:00<00:00,  8.00it/s]
== 2/4 生成看板 ==
[OK] 看板已生成 -> D:\WorkBuddy_Work\效率工具\ashare_board\board.html（26 个交易日: ['20260817', '20260818', '20260819', '20260820', '20260821', '20260824', '20260825', '20260826', '20260827', '20260828', '20260831', '20260901', '20260902', '20260903', '20260904', '20260907', '20260908', '20260909', '20260910', '20260911', '20260914', '20260915', '20260916', '20260917', '20260918', '20260921']）
== 3/4 更新部署物 public/index.html ==
== 4/4 推送 GitHub（CF 自动重新部署）==
[main fabc623] auto: 每日看板更新 2026-09-21
 3 files changed, 143 insertions(+), 3 deletions(-)
 create mode 100644 _daily_run_20260921.log
STDERR: To https://github.com/bogankung-eng/ashare-board.git
   503304a..fabc623  main -> main
== 完成：线上看板 https://ashare-board.pages.dev/ 已更新 ==

========== 收盘简报 ==========
📊 **A股复盘简报 2026-09-21**
━━━━━━━━━━━━━━━
【情绪】情绪加强 · 涨停103 跌停2 炸板率19.5% 最高板5板
【龙头】总龙 华瓷股份·今日涨停 | 情绪龙 华瓷股份 5板(评分86.0)
   — 龙头结构稳定：总龙 华瓷股份 · 情绪龙 华瓷股份（5板）
【异动】T1/T2预警 10 只：蓝盾光电+175%、海鸥股份+145%、国芳集团+138%
【席位】知名游资净-3882万（买0笔/卖2笔）
   最显著：*ST英飞 招商证券股份有限公司深圳… -1950万
【潜龙】15 只候选：百通能源(8分)、国芳集团(8分)、双星新材(8分)
【昨日验证】18日 强组(70只)次日+3.0%/晋级27% · 中组(8只)次日+5.1%/晋级38%
━━━━━━━━━━━━━━━
详见 https://ashare-board.pages.dev/
